// Jest Snapshot v1, https://goo.gl/fbAQLP

exports[`renders correctly 1`] = `
<View
  className="w-full items-center gap-10"
>
  <View
    className="bg-zinc-50 w-full p-6 "
  >
    <Text
      className="text-[#CA9D37] text-4xl font-bold"
    >
      Login
    </Text>
  </View>
  <View
    className="relative w-11/12 py-10 bg-zinc-50 justify-center items-center rounded-md gap-5"
  >
    <View
      className="absolute z-10 w-full h-full justify-center items-center bg-zinc-50/80"
    >
      <View
        className="animate-spin"
      >
        <Text />
      </View>
    </View>
    <View
      className="size-24 items-center justify-center rounded-full border-solid border-[#CA9D37] border"
    >
      <Image
        source={1}
        style={
          {
            "borderRadius": 9999,
            "height": "100%",
            "objectFit": "cover",
            "width": "100%",
          }
        }
      />
    </View>
    <View
      className="justify-center items-center gap-3"
    >
      <Text
        className="font-semibold text-lg"
      >
        Ja é cliente Dalaza:
      </Text>
      <View
        className="gap-2 justify-center items-centers"
      >
        <Text
          className="text-xl opacity-60"
        >
          E-mail ou telefone :
        </Text>
        <TextInput
          className="rounded-lg border border-[#CA9D37] w-72 h-12 p-2"
          cursorColor="#000"
          onChangeText={[Function]}
        />
      </View>
      <View
        className="gap-2 justify-center items-centers"
      >
        <Text
          className="text-xl opacity-60"
        >
          Senha :
        </Text>
        <TextInput
          className="rounded-lg border border-[#CA9D37] w-72 h-12 p-2"
          cursorColor="#000"
          onChangeText={[Function]}
        />
      </View>
    </View>
    <View
      accessibilityState={
        {
          "busy": undefined,
          "checked": undefined,
          "disabled": undefined,
          "expanded": undefined,
          "selected": undefined,
        }
      }
      accessibilityValue={
        {
          "max": undefined,
          "min": undefined,
          "now": undefined,
          "text": undefined,
        }
      }
      accessible={true}
      collapsable={false}
      focusable={true}
      onClick={[Function]}
      onResponderGrant={[Function]}
      onResponderMove={[Function]}
      onResponderRelease={[Function]}
      onResponderTerminate={[Function]}
      onResponderTerminationRequest={[Function]}
      onStartShouldSetResponder={[Function]}
      style={
        {
          "opacity": 1,
        }
      }
    >
      <Text
        className="text-zinc-50 font-semibold text-xl"
      >
        Login
      </Text>
    </View>
    <Text
      href="/user/register"
      onPress={[Function]}
      role="link"
    >
      <Text
        className="text-zinc-800/60 underline"
      >
        Se não? Registre aqui
      </Text>
    </Text>
  </View>
</View>
`;
